SimplePhi { numBlocks = 7
          , phis = [ (0, fromList ["1", "%23"])
                   , (1, fromList ["0", "%32"])
                   , (2, fromList ["%17", "%27"])
                   , (3, fromList ["%16", "%28"])
                   , (4, fromList ["0", "%29"])
                   ]
          , blockPhis = [(0, 1), (1, 1), (2, 3), (3, 3), (4, 3)]
          , assignedPhis = []
          }