SimplePhi { numBlocks = 7
          , phis = [ (0, fromList ["1", "%25"])
                   , (1, fromList ["0", "%34"])
                   , (2, fromList ["%18", "%29"])
                   , (3, fromList ["%17", "%30"])
                   , (4, fromList ["0", "%31"])
                   ]
          , blockPhis = [(0, 1), (1, 1), (2, 3), (3, 3), (4, 3)]
          , assignedPhis = []
          }